42
tctugznqxhrpiijutpxz
gbftorifgfchhwgtbydx
scelfsglmxlaoqgnpmcr
vkqttdtajryreszcacgx
rkkbsjqalswddrybwile
gorsbzadixoxeyagujjf
uwzncgmlrvqdzvoklvrq
ervketfweygbupztbdfj
ouepslolkqvxcaxrxnrm
tlksihxdqzcstwgryjei
phbhpamtadezdkbeoeso
wxezvcjfawcyadteiuqz
goaphtnggifnuuajrvee
euriaseroirogagewxyg
shnhoeffydpaxjosnxxr
pfsxxnmaqmeanoaoouhw
msowhyncyejahejshpej
nptbjwdqprjabatknjhm
iayczxicqzhccngqnjlg
nlkdczaajlzexrrnsahx
hyqzmcasvrgzrbrajiwo
ysrtmxnbxjlmeeegrbyo
zwspbijtncjwexfsirxk
pfkystmjzzyotmpccahy
drspszgqnszspicxzahf
boplgtepdefovgididjw
tehtgdnsswllvzcnedpc
vdgavpuwohmmnyqxsnqk
eelwagoqpwlhozddjtcf
slndksjkfacqiezlacnd
pkcsuvbrjrxusakfewya
zqlqfbcnvttxlofntofn
elxjdiflpqwnuzduisql
sudvoyrepfuixwdggiin
nqmfdxwttxlyztxazmfz
mpejksvmcjdoswiuepve
btvhrmqvxptwbkzguyre
lowrhtkiggrwxvutsmre
wmvwaxdgctdwpgeyfwhc
dukfcyoyjvelesdcrhaj
imxunynyyrydkdcvqcxx
fpxbyqdrurzloawsqbtn
