42
qxlhpuhowwkazlzugwrx
hildsouaoexyddeozgpy
vvwtadijevlyfrptyprp
ogfyflajgcupjsxaqkqj
czjlhvkllorjbodupqdq
owzroxxftskvwbhbmjfc
fzrjyvioopyznskenlsv
fzgkdytauvahoxjwikwv
wxrgumkzjtllonqnqpnd
emhdqtvcnotptfsumemo
ihvfaixzowcmlxzhtxxb
wlcofgdbclylflcsyaog
ykouvupjldnjyqlngjpy
cvmsvoqhdtjhjwvfcdlv
udmmiyhoxuggahljropk
izcqyurpkxfmhabtnglw
xghbrftwvxdvncoyegga
pcgaaptovpxlgsxtpdvv
cslgeklfiwcmpxhalulr
lusmpeeujamerpbtcnlw
lrvfvcouynkpwaopxzxb
xnctfjkbsnnnkfqwvaec
yfcqebvbguhiucrrtpcc
aaydxgrfjbnqymeuhulo
nbkyhkrpllmuxkmtuvyo
aybiunxdbwlbrokgkqmb
ajbpoduvqnflieeriehc
glvivkbmyphbecuxjccc
vndtpbkhmayspryionyr
ahanuvrcgoglefxqjaqe
whieixgbeufnstwpcvfh
lwujwuiokptzxdfehinb
fllukwenjxkbvemcokee
sklrztkyyhxayepgbjuw
lerzwzzgkjrnkutqcurt
iqwodlgijxdbhlbzbcpl
tawtlovbfwcmsdyxzrkx
zvfwworhoqkwjbxzfbxw
yzifqtlfqmdzbehorped
yeevcydmkpbwlcgyozkl
wzzesjodyxztckqmmdjc
hyaiwifqfboteqehpbij
