42
rxibkylcwduspknvoets
syeydvaprrdtddimadtv
icrpxwwsjeobnbragwby
vnkrcplqindxhajgybbg
sgjbevngwelmikpeblwy
jjqslwajudvjsmtnaoem
rvqefupzdjbisnizmweo
ghzgowmdelfnxhcatueo
exefoagjycllwoytyfcp
aazntqihbhvxmojwarzu
jctnsyiajczbbmnraznz
mltxmnlowwactxjnxinn
hlsjiqpzjbeogauzntuz
gddjkghyicmgdkurtqwl
bfdcnxqblcdvwhapdwdj
qempqkdewndlqtvmycfu
vnovmmelwgtnoirxryya
zuemofoqhqcncjdtwiiu
zgdshzqbsbjkczgzbmhx
thanyuuqkmxpgmxffpxq
kpbkxiioxcycbzbzqazn
dlkdufdzhrelefqzpgha
lenplvvnpjdjgkwsmyhg
mdxtehsdpjoceqmorqcm
mbrpvtwauqcadntsvjie
pavfbpgqtcgpwagcicup
bcfuskxavamspmjzfvuh
fjnajfprpsmluzuxogbq
tkxcwkbcyyfdivjmmxxo
pargerqgdnivnipfuzyr
hydnfzynmbdvrnbdhdyb
jctlaoqyhgsiticbjdrf
pfirqhjrlkovzzdqntbs
eqlpvdqjpmdbdeviyoqy
tgjgbhnwztvxguuuvymc
psuucighdfefjqntirgk
dbdnlhmrvhisotudpdvj
zvhxlssklldtxrwfqjtq
dddepqprjceeoqbbbwko
gjjxultzsfdaqunkdfsa
ezhivgyejhbryuchqatb
slhmppffsmfurnmeqezi
