42
forhevltilblngutlbey
gnstnzruqjcgnfqrtejn
afxsqekhxeyahkklpfog
djiahkkajdludoenpjnw
ftzuwhuzgncbgmfryber
ahjsubrlbytvbauqtbeh
iobhqheninzljvdimyot
xreloqtwtfyxnwpaedtx
dijwsjswjvvutfqtjlqo
qmzidxqeqcpjhdlhjkfg
uqeiwfsvwvdxvyrpjkfy
jkpxdpfuwemvhemsfigj
dmfbffiiijrwtjxzvfts
bngyfdkyuptwpxsrbipa
yeekvtrnxtrpupbmeqad
asfzkczkqydksdmojonk
ipfhblbimqavisdjmqht
pgcwuuefnifkzscqomvq
lusvxcljmifebgodtqxl
wboxqhcsvjdolmfyvbmj
wwloyrgfwohjhkoeatzz
wtiqcpbbzsqzpkjlnbyj
uysjnzbeannkluvuhfng
kaqbxstiwnlvabfgrvkm
fvivefumnvqmadhxrdtg
bgtdtcbtkxfxfydowpyu
hesxbtfwanbazueriiyl
hxolqbotktwqubmulgfu
suhfpukwfwdmccpoubvt
yshkxjaqtalhxbugodzk
snwbblpsvulywodfriwk
qlunmeilzihzelpelzsj
wuledtiyfuhddnjunvxb
bujnfofaezdaasuitikl
xornrvnryyjotpxnhwhz
ushdmjwqxnxficaivdrz
vttqgxdcjryeisdqutnu
bsavgczswzwvtzamapry
poeayctbpgxotrsbohtx
rhiqslkelapdxlurefwp
iiecgujnzxxjpzcmdfji
mgxmfmmvbfvjxyvuuidk
